[   .000] Initalzig group ubyscpset[    0000000] nitiaiizing cgroup subsys cpu
[    0.000000] Initliing crop bsys cpuacct   0.0000]Liux verson4.0-157-geeric (buildd@lgw01-amd64-037 (ccvesion5.0 16069 Ubnt 5.4.0ubtu1~1.0.10) ) #185-Ubuntu SMP Tue Jul 23 09:17:01 UTC 2019 (Ubuntu 4.4.0-157.185-generic 4.4.181)
[   .00000 Cmmnd lie:OO_IMAGEbot/mlnuz-4.4.0-157-generic oo=LELclouimrotfs roonol=tty1 console=ttyS0
[  000000] KERNEL supported cpus:
[    0.000000]   Intel GenuineIntel
[   0.000]  AMD AuthenticAMD[    0.000000] CetaurCetaHauls[   .000000] 86pu xstatoffset]: 56,xstate_siz[2: 256
[  00000x8/f: Supptig SAVE feaur 001 '87 foain pint reiser
[   .0000] x/f: Supptig SAVE fture 0x2: 'E egsters
    0000000] x86/fpu: Supporting XSAVE feature 0x04: 'AVX registers'
[    0.000000] x86/fpu: Enabled xstate features 0x7, context size is 832 bytes, using 'standard' format.
[    0.000000] e820: BIOS-provided physical RAM map:
[    0.000000] BIOS-e820: [mem 0x0000000000000000-0x000000000009fbff] usable
[    0.000000] BIOS-e820: [mem 0x000000000009fc00-0x000000000009ffff] reserved
[    0.000000] BIOS-e820: [mem 0x00000000000f0000-0x00000000000fffff] reserved
[    0.000000] BIOS-e820: [mem 0x0000000000100000-0x00000000dffeffff] usable
[    0.000000] BIOS-e820: [mem 0x00000000dfff0000-0x00000000dfffffff] ACPI data
[    0.000000] BIOS-e820: [mem 0x00000000fec00000-0x00000000fec00fff] reserved
[    0.000000] BIOS-e820: [mem 0x00000000fee00000-0x00000000fee00fff] reserved
[    0.000000] BIOS-e820: [mem 0x00000000fffc0000-0x00000000ffffffff] reserved
[    0.000000] BIOS-e820: [mem 0x0000000100000000-0x000000011fffffff] usable
[    0.000000] NX (Execute Disable) protection: active
[    0.000000] SMBIOS 2.5 present.
[    0.000000] Hypervisor detected: KVM
[    0.000000] e820: last_pfn = 0x120000 max_arch_pfn = 0x400000000
[    0.000000] MTRR: Disabled
[    0.000000] x86/PAT: MTRRs disabled, skipping PAT initialization too.
[    0.000000] CPU MTRRs all blank - virtualized system.
[    0.000000] x86/PAT: Configuration [0-7]: WB  WT  UC- UC  WB  WT  UC- UC  
[    0.000000] e820: last__pfn = 0xdfff0 max_arch_pfn = 0x400000000
[    0.000000] found SMP MP-table at [mem 0x0009fff0-0x0009ffff] mapped at [ffff88000009fff0]
[    0.000000] Scanning 1 re fr low memory corruption
[    0.000000] RAMDISK: [mem 0x362fa000-0x37174fff]
[    0.000000] ACPI: Early table checksum verification disbld[    0.00000] ACPI: RSDP 0x00000000000E0000 000024 (v02 VBOX  )
[    0.000000] ACPI: XSDT 0x00000000DFFF0030 00003C (v01 VBOX   VBOXXSDT 00000001 ASL  00000061)
[    0.000000] ACPI: FACP 0x00000000DFFF00F0 0000F4 (v04 VBOX   VBOXFACP 00000001 ASL  00000061)
[    0.000000] ACPI: DSDT 0x00000000DFFF0470 0021FF (v02 VBOX   VBOXBIOS 00000002 INTL 20100528)
[    0.000000] ACPI: FACS 0x00000000DFFF0200 000040
[    0.000000] ACPI: FACS 0x00000000DFFF0200 000040
[    0.000000] ACPI: APIC 0x00000000DFFF0240 00005C (v02 VBOX   VBOXAPIC 00000001 ASL  00000061)
[    0.000000] ACPI: SSDT 0x00000000DFFF02A0 0001CC (v01 VBOX   VBOXCPUT 00000002 INTL200528)
[   000000NoNU configuti fund
[   .0000] Fanga odet me 000000000000x0000011ffffff]
[    0.000000] NODE_DATA(0) allocated [mem 0x11ff00-011ffff]
[   0.0000 kvm-clock Uin mrs 4b5d0 and 4b564d00
[    0.000000] kvm-clock: cpu 0, msr 1:1ffef001, primary cpu clock
[    0.000000] kvm-clock: using sched offset of 3315009125 cycle
[    000000 cocksur: kvm-clock: mask0xffffffffffff x_ycles: 01cd42e4dffb, max_idle_ns: 881590591483 ns
[    0.000000] Zone ranges:[   0.000000]   DA      [em 000000000010-0x000000ffffff
    0.000000]   DMA32    [mem 0x0000000001000000-0x00000000ffffffff]
[    0.000000]   Normal   [mem 0x0000000100000000-0x000000011fffffff]
[    0.000000]   Device   empty
[    0.000000] Movable zone start for each node
[    0.000000] Early memory node ranges
[    0.000000]   node   0: [mem 0x0000000000001000-0x000000000009efff]
[    0.000000]   node   0: [mem 0x0000000000100000-0x00000000dffeffff]
[    0.000000]   node   0: [mem 0x0000000100000000-0x000000011fffffff]
[    0.000000] Initmem setup node 0 [mem 0x0000000000001000-0x000000011fffffff]
[    0.000000] ACPI: PM-Timer IO Port: 0x4008
[    0.000000] IOAPIC[0]: apic_id 2, version 32, address 0xfec00000, GSI 0-23
[    0.000000] ACPI: INT_SRC_OVR (bus 0 bus_irq 0 global_irq 2 dfl dfl)
[    0.000000] ACPI: INT_SRC_OVR (bus 0 bus_irq 9 global_irq 9 low level)
[    0.000000] Using ACPI (MADT) for SMP configuration information
[    0.000000] smpboot: Allowing 2 CPUs, 0 hotplug CPUs
[    0.000000] PM: Registered nosave memory: [mem 0x00000000-0x00000fff]
[    0.000000] PM: Registered nosave memory: [mem 0x0009000x009ffff]
[  0.00000]PM: Restednovemeor: [m 0x000a0000-0x000effff]
[    0.000000] PM: Registered nosave memory: [mem 0x000f0000-0x000fffff]
[    0.000000] PM: Registered nosave memory: [mem 0xdfff0000-0xdfffffff]
[    0.000000] PM: Registered noave memory: [mem 0xe0000000-0xfebfffff]
[    0.000000] PM: Registered nosave memory: [mem 0xfec00000-0xfe00ff
   0.000] M: Regierd osave moy:[memxf01000-0xfffff]
[    .000] PM Risered navmemo: mem 0xfee00000-0xfee0fff]
[  0000000 P: egisre nose emry: [memxfe01000-0fffff]
[  0.0000] PMRester nsa memory:[mm xffc00-0ffffff]   0.000000e8: [memxe0000000xbfff] avaiblfor PCdeics
[   .0000] Booting paraviuaized ernel  KVM
[  0.0000]clcksoue:efned-ifes mask:0xffffffff max_cycles: 0xffffffff, max_idle_ns: 7645519600211568 ns
[    0.000000] setup_percpu: NR_CPUS:512 nr_cpumask_bits:512 nr_cpu_ids:2 nr_node_ids:1
[    0.000000] PERCPU: Embedded 34 pages/cpu @ffff88011fc00000 s99544 r8192 d31528 u1048576
[    0.000000] Built 1 zonelists in Node order, mobility grouping on.  Total pages: 1032056
[    0.000000] Policy zone: Normal
[    0.000000] Kernel command line: BOOT_IMAGE=/boot/vmlinuz-4.4.0-157-generic root=LABEL=cloudimg-rootfs ro console=tty1 console=ttyS0
[    0.000000] PID hash table entries: 4096 (order: 3, 32768 bytes)
[    0.000000] Memory: 4028244K/4193848K available (8618K kernel code, 1335K rwdata, 4032K rodata, 1484K init, 1284K bss, 165604K reserved, 0K cma-reserved)
[    0.000000] SLUB: HWalign=64, Order=0-3, MinObjects=0, CPUs=2, Nodes=1
[    0.000000] Kernel/User page tables isolaio enaed
[  0.0000] Hierrcca RCU imleenaton
[   00000] 	Bldtie adjstntof leafaou to 64.
[   000000]	RU strictg PU from _CUS512 to nr_cpu_is=.[    0000] CU: Adjuin gometry for rcu_fanout_leaf=64, nr_cpu_ids=2
[    0.000000] NR_IRQS:33024 nr_irqs:440 16
[   0.0000 Conol cour VGA+80x25
[    0.000000] console [tty1] enabled
[    0.000000] console [ttyS0] enabled
[    0.000000] tsc: Detected 2494.234 MHz processor
[    6.956974] Calibrating delay loop (skipped) preset value.. 4988.46 BogoMIPS (lpj=9976936)
[    6.958420] pid_max: default: 32768 minimum: 301
[    6.959194] ACPI: Core revision 20150930
[    6.960649] ACPI: 2 ACPI AML tables successfully acquired and loaded
[    6.961786] Security Framework initialized
[    6.962503] Yama: becoming mindful.
[    6.963142] AppArmor: AppArmor initialized
[    6965965 Dntry cache hash table entries: 524288 (order: 10, 4194304 bytes)
[    7.080781] Inode-cache hash table entries: 262144 (order: 9, 2097152 bytes)
[    7.160276] Mount-cache hash table entries: 8192 (order: 4, 65536 bytes)
[    7.161325] Mountpoint-cache hash table entries: 8192 (order: 4, 65536 bytes)
[    7.164556] Initializing cgroup subsys io
[    7.165391] Initializing cgroup subsys memory
[    7.248697] Initializing cgroup subsys devices
[    7.323796] Initializing cgroup subsys freezer
[    7.324644] Initializing cgroup subsys net_cls
[    7.325471] Initializing cgroup subsys perf_event
[    7.326273] Initializing cgroup subsys net_prio
[    7.413869] Initializing cgroup subsys hugetlb
[    7.449886] Initializing cgroup subsys pids
[    7.533534] mce: CPU supports 0 MCE banks
[    7.582237] Last level iTLB entries: 4KB 1024, 2MB 1024, 4MB 1024
[    7.583205] Last level dTLB entries: 4KB 1024, 2MB 1024, 4MB 1024, 1GB 4
[    7.584247] Spectre V2 : Mitigation: Full generic retpoline
[    7.585147] Spectre V2 : Spectre v2 / SpectreRSB mitigation: Filling RSB on context switch
[    7.586579] Speculative Store Bypass: Vulnerable
[    7.587411] MDS: Vulnerable: Clear CPU buffers attempted, no microcode
[    7.590585] Freeing SMP alternatives memory: 36K
[    7.617339] ftrace: allocating 32312 entries in 127 pages
[    7.754392] smpboot: APIC(0) Converting physical 0 to logical package 0
[    7.767675] smpboot: Max logical packages: 1
[    7.768661] x2apic enabled
[    7.769388] Switched APIC routing to physical x2apic.
[    7.771197] ..TIMER: vector=0x30 apic1=0 pin1=2 apic2=-1 pin2=-1
[    7.877079] smpboot: CPU0: Intel(R) Core(TM) i7-4710MQ CPU @ 2.50GHz (family: 0x6, model: 0x3c, stepping: 0x3)
[    7.922989] Performance Events: unsupported p6 CPU model 60 no PMU driver, software events only.
[    7.956893] KVM setup paravirtual spinlock
[    7.958444] x86: Booting SMP configuration:
[    7.959203] .... node  #0, CPUs:      #1
[    7.966682] kvm-clock: cpu 1, msr 1:1ffef041, secondary cpu clock
[    8.003696] mce: CPU supports 0 MCE banks
[    8.055795] x86: Booted up 1 node, 2 CPUs
[    8.065261] smpboot: Total of 2 processors activated (9976.93 BogoMIPS)
[    8.091520] devtmpfs: initialized
[    8.158999] evm: security.selinux
[    8.219027] evm: security.SMACK64
[    8.285441] evm: security.SMACK64EXEC
[    8.315278] evm: security.SMACK64TRANSMUTE
[    8.316006] evm: security.SMACK64MMAP
[    8.316688] evm: security.ima
[    8.317279] evm: security.capability
[    8.318105] clocksource: jiffies: mask: 0xffffffff max_cycles: 0xffffffff, max_idle_ns: 7645041785100000 ns
[    8.319680] futex hash table entries: 512 (order: 3, 32768 bytes)
[    8.363673] pinctrl core: initialized pinctrl subsystem
[    8.442043] RTC time: 22:57:57, date: 10/18/19
[    8.442996] NET: Registered protocol family 16
[    8.454345] cpuidle: using governor ladder
[    8.550249] cpuidle: using governor menu
[    8.570300] PCCT header not found.
[    8.571004] ACPI: bus type PCI registered
[    8.571714] acpiphp: ACPI Hot Plug PCI Controller Driver version: 0.5
[    8.572861] PCI: Using configuration type 1 for base access
[    8.587149] ACPI: Added _OSI(Module Device)
[    8.659028] ACPI: Added _OSI(Processor Device)
[    8.721675] ACPI: Added _OSI(3.0 _SCP Extensions)
[    8.765558] ACPI: Added _OSI(Processor Aggregator Device)
[    8.767028] ACPI: Executed 1 blocks of module-level executable AML code
[    8.769861] ACPI: Interpreter enabled
[    8.770529] ACPI: (supports S0 S5)
[    8.771187] ACPI: Using IOAPIC for interrupt routing
[    8.772132] PCI: Using host bridge windows from ACPI; if necessary, use "pci=nocrs" and report a bug
[    8.836191] ACPI: PCI Root Bridge [PCI0] (domain 0000 [bus 00-ff])
[    8.921696] acpi PNP0A03:00: _OSC: OS supports [ASPM ClockPM Segments MSI]
[    8.938217] acpi PNP0A03:00: _OSC: not requesting OS control; OS requires [ExtendedConfig ASPM ClockPM MSI]
[    8.939802] acpi PNP0A03:00: fail to add MMCONFIG information, can't access extended PCI configuration space under this bridge.
[    8.941846] PCI host bridge to bus 0000:00
[    8.942547] pci_bus 0000:00: root bus resource [io  0x0000-0x0cf7 window]
[    8.943588] pci_bus 0000:00: root bus resource [io  0x0d00-0xffff window]
[    8.954769] pci_bus 0000:00: root bus resource [mem 0x000a0000-0x000bffff window]
[    8.985666] pci_bus 0000:00: root bus resource [mem 0xe0000000-0xfdffffff window]
[    9.035546] pci_bus 0000:00: root bus resource [bus 00-ff]
[    9.077843] pci 0000:00:01.1: legacy IDE quirk: reg 0x10: [io  0x01f0-0x01f7]
[    9.078917] pci 0000:00:01.1: legacy IDE quirk: reg 0x14: [io  0x03f6]
[    9.079897] pci 0000:00:01.1: legacy IDE quirk: reg 0x18: [io  0x0170-0x0177]
[    9.082477] pci 0000:00:01.1: legacy IDE quirk: reg 0x1c: [io  0x0376]
[    9.247662] pci 0000:00:07.0: quirk: [io  0x4000-0x403f] claimed by PIIX4 ACPI
[    9.311848] pci 0000:00:07.0: quirk: [io  0x4100-0x410f] claimed by PIIX4 SMB
[    9.342257] ACPI: PCI Interrupt Link [LNKA] (IRQs 5 9 10 *11)
[    9.407081] ACPI: PCI Interrupt Link [LNKB] (IRQs 5 9 *10 11)
[    9.499785] ACPI: PCI Interrupt Link [LNKC] (IRQs 5 *9 10 11)
[    9.593516] ACPI: PCI Interrupt Link [LNKD] (IRQs 5 9 10 *11)
[    9.699233] ACPI: Enabled 2 GPEs in block 00 to 07
[    9.798560] vgaarb: setting as boot device: PCI:0000:00:02.0
[    9.809584] vgaarb: device added: PCI:0000:00:02.0,decodes=io+mem,owns=io+mem,locks=none
[    9.810976] vgaarb: loaded
[    9.811527] vgaarb: bridge control possible 0000:00:02.0
[    9.812607] SCSI subsystem initialized
[    9.881531] ACPI: bus type USB registered
[    9.938036] usbcore: registered new interface driver usbfs
[    9.938936] usbcore: registered new interface driver hub
[    9.939823] usbcore: registered new device driver usb
[    9.942542] PCI: Using ACPI for IRQ routing
[    9.943532] NetLabel: Initializing
[    9.945778] NetLabel:  domain hash size = 128
[    9.946532] NetLabel:  protocols = UNLABELED CIPSOv4
[    9.947338] NetLabel:  unlabeled traffic allowed by default
[    9.986988] amd_nb: Cannot enumerate AMD northbridges
[   10.046944] clocksource: Switched to clocksource kvm-clock
[ 108169Aprmr:ppmo Flesystem Enabled
[   10.437449] pnp: PnP ACPI init
[   10.438723] pnp: PnP ACPI: found 3 devices

[ 10.4479]clksure:acpi_pm: mask: 0xffffff max_cycles: 0xffffff, max_idle_ns: 2085701024 ns
[   10.677072] NET: Registered protocol family 2
[   10.677974] TCP established hash table entries: 32768 (order: 6, 262144 bytes)
[   10.679291] TCP bind hash table entries: 32768 (order: 7, 524288 bytes)
[   10.682403] TCP:Ha tbls ongued(etalihe 376 bnd 3278)
[  1092774] UDP hash table entries: 2048 (order: 4, 65536 bytes)
[   11.170588] UDP-Lite hash table entries: 2048 (order: 4, 65536 bytes)
[   11.171674] NET: Registered protocol family 1
[   11.172436] pci 0000:00:00.0: Limiting direct PCI/PCI transfers
[   11.173396] pci 0000:00:01.0: Activating ISA DMA hang workarounds
[  11750] npkig itmf..
[   11.762324] Freeing initrd memory: 14828K
[   11.793160] PCI-DMA: Using software bounce buffering for IO (SWIOTLB)
[   11.836004] software IO TLB: mapped [mem 0xdbff0000-0xdfff0000] (64MB)
[   11.839020] RAPL PMU detected, API unit is 2^-32 Joules, 4 fixed counters 10737418240 ms ovfl timer
[   11.921836] hw unit of domain pp0-core 2^-0 Joules
[   11.922685] hw unit of domain package 2^-0 Joules
[   11.923511] hw unit of domain dram 2^-0 Joules
[   11.924277] hw unit of domain pp1-gpu 2^-0 Joules
[   11.925084] clocksource: tsc: mask: 0xffffffffffffffff max_cycles: 0x23f3f2ca2d9, max_idle_ns: 440795202126 ns
[   11.926735] platform rtc_cmos: registered platform RTC device (no PNP device found)
[   11.928123] Scanning for low memory corruption every 60 seconds
[   11.929483] audit: initializing netlink subsys (disabled)
[   11.930389] audit: type=2000 audit(1571439476.709:1): initialized
[   11.931611] Initialise system trusted keyring
[   11.932586] HugeTLB registered 2 MB page size, pre-allocated 0 pages
[   11.934675] zbud: loaded
[   11.935559] VFS: Disk quotas dquot_6.6.0
[   11.936296] VFS: Dquot-cache hash table entries: 512 (order 0, 4096 bytes)
[   11.937543] squashfs: version 4.0 (2009/01/31) Phillip Lougher
[   11.938741] fuse init (API version 7.23)
[   11.950556] Key type big_key registered
[   11.954205] Allocating IMA MOK and blacklist keyrings.
[   11.956996] Key type asymmetric registered
[   11.957968] Asymmetric key parser 'x509' registered
[   11.958927] Block layer SCSI generic (bsg) driver version 0.4 loaded (major 249)
[   11.960353] io scheduler noop registered
[   11.961064] io scheduler deadline registered (default)
[   11.961923] io scheduler cfq registered
[   11.962689] pci_hotplug: PCI Hot Plug PCI Core version: 0.5
[   11.963624] pciehp: PCI Express Hot Plug Controller Driver version: 0.4
[   11.964748] ACPI: AC Adapter [AC] (off-line)
[   11.965537] input: Power Button as /devices/LNXSYSTM:00/LNXPWRBN:00/input/input0
[   11.966805] ACPI: Power Button [PWRF]
[   11.967545] input: Sleep Button as /devices/LNXSYSTM:00/LNXSLPBN:00/input/input1
[   11.968830] ACPI: Sleep Button [SLPF]
[   11.969773] GHES: HEST is not enabled!
[   11.971082] ACPI: Battery Slot [BAT0] (battery present)
[   11.971952] Serial: 8250/16550 driver, 32 ports, IRQ sharing enabled
[   11.994940] 00:02: ttyS0 at I/O 0x3f8 (irq = 4, base_baud = 115200) is a 16550A
[   11.998911] Linux agpgart interface v0.103
[   12.007483] loop: module loaded
[   12.049134] scsi host0: ata_piix
[   12.079266] scsi host1: ata_piix
[   12.087940] ata1: PATA max UDMA/33 cmd 0x1f0 ctl 0x3f6 bmdma 0xd000 irq 14
[   12.089007] ata2: PATA max UDMA/33 cmd 0x170 ctl 0x376 bmdma 0xd008 irq 15
[   12.090398] libphy: Fixed MDIO Bus: probed
[   12.091127] tun: Universal TUN/TAP device driver, 1.6
[   12.091984] tun: (C) 1999-2004 Max Krasnyansky <maxk@qualcomm.com>
[   12.118134] PPP generic driver version 2.4.2
[   12.151397] ehci_hcd: USB 2.0 'Enhanced' Host Controller (EHCI) Driver
[   12.234005] ehci-pci: EHCI PCI platform driver
[   12.242525] ehci-platform: EHCI generic platform driver
[   12.243501] ohci_hcd: USB 1.1 'Open' Host Controller (OHCI) Driver
[   12.244504] ohci-pci: OHCI PCI platform driver
[   12.252163] ohci-platform: OHCI generic platform driver
[   12.253030] uhci_hcd: USB Universal Host Controller Interface driver
[   12.254100] i8042: PNP: PS/2 Controller [PNP0303:PS2K,PNP0f03:PS2M] at 0x60,0x64 irq 1,12
[   12.255968] serio: i8042 KBD port at 0x60,0x64 irq 1
[   12.332987] serio: i8042 AUX port at 0x60,0x64 irq 12
[   123426 musde: /2mosedeic comn orllic
[   .859705] input: AT Translated Set 2 keyboard as /devices/platform/i8042/serio0/input/input2
[   13.065596] rtc_cmos rtc_cmos: rtc core: registered rtc_cmos as rtc0
[   13.155718] rtc_cmos rtc_cmos: alarms up to one day, 114 bytes nvram
[   13.156735] i2c /dev entries driver
[   13.157435] device-mapper: uevent: version 1.0.3
[   13.158299] device-mapper: ioctl: 4.34.0-ioctl (2015-10-28) initialised: dm-devel@redhat.com
[   13.203963] ledtrig-cpu: registered to indicate activity on CPUs
[   13.255929] NET: Registered protocol family 10
[   13.274230] NET: Registered protocol family 17
[   13.280687] Key type dns_resolver registered
[   13.312235] registered taskstats version 1
[   13.398063] Loading compiled-in X.509 certificates
[   13.507907] Loaded X.509 cert 'Build time autogenerated kernel key: 3e01e6df98386236d59670e6b2ed19a044d5324e'
[   13.528392] zswap: loaded using pool lzo/zbud
[   13.612470] Key type trusted registered
[   13.675925] Key type encrypted registered
[   13.773897] AppArmor: AppArmor sha1 policy hashing enabled
[   13.846183] ima: No TPM chip found, activating TPM-bypass!
[   13.971233] ima: Allocated hash algorithm: sha1
[   14.027946] evm: HMAC attrs: 0x1
[   14.028878]   Magic number: 7:156:1008
[   14.098137] rtc_cmos rtc_cmos: setting system clock to 2019-10-18 22:58:03 UTC (1571439483)
[   14.214729] BIOS EDD facility v0.16 2004-Jun-25, 0 devices found
[   14.317737] EDD information not available.
[   14.346362] Freeing unused kernel memory: 1484K
[   14.355744] Write protecting the kernel read-only data: 14336k
[   14.407014] Freeing unused kernel memory: 1612K
[   15.251856] Freeing unused kernel memory: 64K
Loading, please wait...
starting version[   16.199218] random: systemd-udevd: uninitialized urandom read (16 bytes read, 4 bits of entropy available)
 229
[   16.199841] random: udevadm: uninitialized urandom read (16 bytes read, 4 bits of entropy available)
[   16.199857] random: udevadm: uninitialized urandom read (16 bytes read, 4 bits of entropy available)
[   16.206058] random: udevadm: uninitialized urandom read (16 bytes read, 4 bits of entropy available)
[   16.206090] random: udevadm: uninitialized urandom read (16 bytes read, 4 bits of entropy available)
[   16.206190] random: udevadm: uninitialized urandom read (16 bytes read, 4 bits of entropy available)
[   16.206227] random: udevadm: uninitialized urandom read (16 bytes read, 4 bits of entropy available)
[   16.206265] random: udevadm: uninitialized urandom read (16 bytes read, 4 bits of entropy available)
[   16.206301] random: udevadm: uninitialized urandom read (16 bytes read, 4 bits of entropy available)
[   16.206336] random: udevadm: uninitialized urandom read (16 bytes read, 4 bits of entropy available)
[   16.568656] e1000: Intel(R) PRO/1000 Network Driver - version 7.3.21-k8-NAPI
[   16.627252] e1000: Copyright (c) 1999-2006 Intel Corporation.
[   16.637631] Fusion MPT base driver 3.04.20
[   16.638939] Copyright (c) 1999-2008 LSI Corporation
[   16.687286] Fusion MPT SPI Host driver 3.04.20
[   16.753260] AVX2 version of gcm_enc/dec engaged.
[   16.763940] AES CTR mode by8 optimization enabled
[   16.944079] input: ImExPS/2 Generic Explorer Mouse as /devices/platform/i8042/serio1/input/input4
[   17.131889] e1000 0000:00:03.0 eth0: (PCI:33MHz:32-bit) 02:46:62:72:a1:53
[   17.203279] e1000 0000:00:03.0 eth0: Intel(R) PRO/1000 Network Connection
[   17.666823] e1000 0000:00:08.0 eth1: (PCI:33MHz:32-bit) 08:00:27:a7:19:90
[   17.671603] e1000 0000:00:08.0 eth1: Intel(R) PRO/1000 Network Connection
[   17.680786] e1000 0000:00:08.0 enp0s8: renamed from eth1
[   17.683310] mptbase: ioc0: Initiating bringup
[   17.812947] e1000 0000:00:03.0 enp0s3: renamed from eth0
[   17.915134] ioc0: LSI53C1030 A0: Capabilities={Initiator}
[   19.604153] scsi host2: ioc0: LSI53C1030 A0, FwRev=00000000h, Ports=1, MaxQ=256, IRQ=20
[   20.811845] scsi 2:0:0:0: Direct-Access     VBOX     HARDDISK         1.0  PQ: 0 ANSI: 5
[   20.847573] scsi target2:0:0: Beginning Domain Validation
[   20.878284] scsi target2:0:0: Domain Validation skipping write tests
[   20.917841] scsi target2:0:0: Ending Domain Validation
[   20.925195] scsi target2:0:0: asynchronous
[   20.948000] scsi 2:0:1:0: Direct-Access     VBOX     HARDDISK         1.0  PQ: 0 ANSI: 5
[   21.879398] scsi target2:0:1: Beginning Domain Validation
[   21.888787] scsi target2:0:1: Domain Validation skipping write tests
[   21.889780] scsi target2:0:1: Ending Domain Validation
[   21.890690] scsi target2:0:1: asynchronous
[   21.895957] sd 2:0:0:0: [sda] 20971520 512-byte logical blocks: (10.7 GB/10.0 GiB)
[   21.897499] sd 2:0:0:0: [sda] Write Protect is off
[   21.898479] sd 2:0:0:0: [sda] Incomplete mode parameter data
[   21.903194] sd 2:0:0:0: Attached scsi generic sg0 type 0
[   21.931564] sd 2:0:1:0: Attached scsi generic sg1 type 0
[   22.038645] sd 2:0:0:0: [sda] Assuming drive cache: write through
[   22.039760] sd 2:0:1:0: [sdb] 20480 512-byte logical blocks: (10.5 MB/10.0 MiB)
[   22.041354] sd 2:0:1:0: [sdb] Write Protect is off
[   22.050468] sd 2:0:1:0: [sdb] Incomplete mode parameter data
[   22.087922] sd 2:0:1:0: [sdb] Assuming drive cache: write through
[   22.092615]  sda: sda1
[   22.096517] sd 2:0:0:0: [sda] Attached SCSI disk
[   22.165376] sd 2:0:1:0: [sdb] Attached SCSI disk
Begin: Loading e[   23.667990] md: linear personality registered for level -1
ssential drivers ... [   23.715701] md: multipath personality registered for level -4
[   23.718757] md: raid0 personality registered for level 0
[   23.736123] md: raid1 personality registered for level 1
[   23.819085] raid6: sse2x1   gen() 10223 MB/s
[   23.906961] raid6: sse2x1   xor()  7911 MB/s
[   24.030954] raid6: sse2x2   gen() 13225 MB/s
[   24.147133] raid6: sse2x2   xor()  8776 MB/s
[   24.275025] raid6: sse2x4   gen() 15065 MB/s
[   24.379672] raid6: sse2x4   xor()  9516 MB/s
[   24.519303] raid6: avx2x1   gen() 20369 MB/s
[   24.655009] raid6: avx2x2   gen() 18750 MB/s
[   24.771182] raid6: avx2x4   gen() 26633 MB/s
[   24.832132] raid6: using algorithm avx2x4 gen() 26633 MB/s
[   24.833099] raid6: using avx2x2 recovery algorithm
[   24.835173] xor: automatically using best checksumming function:
[   24.879044]    avx       : 30450.000 MB/sec
[   24.955364] async_tx: api initialized (async)
[   25.023009] md: raid6 personality registered for level 6
[   25.070885] md: raid5 personality registered for level 5
[   25.071782] md: raid4 personality registered for level 4
[   25.077735] md: raid10 personality registered for level 10
done.
Begin: Running /scripts/init-premount ... done.
Begin: Mounting root file system ... Begin: Running /scripts/local-top ... done.
Begin: Running /scripts/local-premount ... [   25.111528] Btrfs loaded
Scanning for Btrfs filesystems
done.
Warning: fsck no[   25.161913] EXT4-fs (sda1): mounted filesystem with ordered data mode. Opts: (null)
t present, so skipping root file system
done.
Begin: Running /scripts/local-bottom ... done.
Begin: Running /scripts/init-bottom ... done.
[   25.268302] systemd[1]: systemd 229 running in system mode. (+PAM +AUDIT +SELINUX +IMA +APPARMOR +SMACK +SYSVINIT +UTMP +LIBCRYPTSETUP +GCRYPT +GNUTLS +ACL +XZ -LZ4 +SECCOMP +BLKID +ELFUTILS +KMOD -IDN)
[   25.406749] systemd[1]: Detected virtualization oracle.
[   25.431347] systemd[1]: Detected architecture x86-64.

Welcome to [1mUbuntu 16.04.6 LTS[0m!

[   25.509934] systemd[1]: Set hostname to <basic-heroku>.
[   25.737760] systemd[1]: Created slice System Slice.
[[0;32m  OK  [0m] Created slice System Slice.
[   25.794536] systemd[1]: Listening on udev Kernel Socket.
[[0;32m  OK  [0m] Listening on udev Kernel Socket.
[   25.880215] systemd[1]: Reached target System Time Synchronized.
[[0;32m  OK  [0m] Reached target System Time Synchronized.
[   25.944864] systemd[1]: Listening on Journal Socket.
[[0;32m  OK  [0m] Listening on Journal Socket.
[   25.960201] systemd[1]: Reached target Swap.
[[0;32m  OK  [0m] Reached target Swap.
[   26.039154] systemd[1]: Mounting Huge Pages File System...
         Mounting Huge Pages File System...
[   26.096584] systemd[1]: Starting Nameserver information manager...
         Starting Nameserver information manager...
[   26.199884] systemd[1]: Reached target User and Group Name Lookups.
[[0;32m  OK  [0m] Reached target User and Group Name Lookups.
[   26.227763] systemd[1]: Listening on LVM2 metadata daemon socket.
[[0;32m  OK  [0m] Listening on LVM2 metadata daemon socket.
[   26.308102] systemd[1]: Created slice User and Session Slice.
[[0;32m  OK  [0m] Created slice User and Session Slice.
[   26.399885] systemd[1]: Mounting Debug File System...
         Mounting Debug File System...
[   26.459761] systemd[1]: Starting Create list of required static device nodes for the current kernel...
         Starting Create list of required st... nodes for the current kernel...
[   26.521822] systemd[1]: Reached target Slices.
[[0;32m  OK  [0m] Reached target Slices.
[   26.572353] systemd[1]: Listening on LVM2 poll daemon socket.
[[0;32m  OK  [0m] Listening on LVM2 poll daemon socket.
[   26.635547] systemd[1]: Listening on udev Control Socket.
[[0;32m  OK  [0m] Listening on udev Control Socket.
[   26.692086] systemd[1]: Listening on Journal Audit Socket.
[[0;32m  OK  [0m] Listening on Journal Audit Socket.
[   26.719313] systemd[1]: Reached target Encrypted Volumes.
[[0;32m  OK  [0m] Reached target Encrypted Volumes.
[   26.832251] systemd[1]: Starting Load Kernel Modules...
[   26.858733] Loading iSCSI transport class v2.0-870.
         Starting Load Kernel Modules...
[   27.582061] systemd[1]: Starting Set console keymap...
         Starting Set console keymap...
[   27.584163] systemd[1]: Started Trigger resolvconf update for networkd DNS.
[[0;32m  OK  [0m] Started Trig[   27.601235] iscsi: registered transport (tcp)
ger resolvconf update for networkd DNS.
[   27.611803] systemd[1]: Listening on /dev/initctl Compatibility Named Pipe.
[[0;32m  OK  [0m] Listening on[   27.634338] iscsi: registered transport (iser)
 /dev/initctl Compatibility Named Pipe.
[   27.687493] systemd[1]: Started Forward Password Requests to Wall Directory Watch.
[[0;32m  OK  [0m] Started Forward Password Requests to Wall Directory Watch.
[   27.752792] systemd[1]: Created slice system-serial\x2dgetty.slice.
[[0;32m  OK  [0m] Created slice system-serial\x2dgetty.slice.
[   27.860319] systemd[1]: Starting Remount Root and Kernel File Systems...
[   27.871902] random: nonblocking pool is initialized
[   27.880398] EXT4-fs (sda1): re-mounted. Opts: (null)
         Starting Remount Root and Kernel File Systems...
[   27.995765] systemd[1]: Listening on Syslog Socket.
[[0;32m  OK  [0m] Listening on Syslog Socket.
[   28.064162] systemd[1]: Starting Uncomplicated firewall...
         Starting Uncomplicated firewall...
[   28.115521] systemd[1]: Listening on Journal Socket (/dev/log).
[[0;32m  OK  [0m] Listening on Journal Socket (/dev/log).
[   28.183621] systemd[1]: Set up automount Arbitrary Executable File Formats File System Automount Point.
[[0;32m  OK  [0m] Set up automount Arbitrary Executab...ats File System Automount Point.
[   28.311997] systemd[1]: Starting Journal Service...
         Starting Journal Service...
[   28.363750] systemd[1]: Listening on Device-mapper event daemon FIFOs.
[[0;32m  OK  [0m] Listening on Device-mapper event daemon FIFOs.
[   28.423383] systemd[1]: Starting Monitoring of LVM2 mirrors, snapshots etc. using dmeventd or progress polling...
         Starting Monitoring of LVM2 mirrors... dmeventd or progress polling...
[   28.547417] systemd[1]: Mounting POSIX Message Queue File System...
         Mounting POSIX Message Queue File System...
[   28.641359] systemd[1]: Mounted Debug File System.
[[0;32m  OK  [0m] Mounted Debug File System.
[   28.715425] systemd[1]: Mounted POSIX Message Queue File System.
[[0;32m  OK  [0m] Mounted POSIX Message Queue File System.
[   28.747936] systemd[1]: Mounted Huge Pages File System.
[[0;32m  OK  [0m] Mounted Huge Pages File System.
[   28.816470] systemd[1]: Started Journal Service.
[[0;32m  OK  [0m] Started Journal Service.
[[0;32m  OK  [0m] Started Create list of required sta...ce nodes for the current kernel.
[[0;32m  OK  [0m] Started Load Kernel Modules.
[[0;32m  OK  [0m] Started Set console keymap.
[[0;32m  OK  [0m] Started Remount Root and Kernel File Systems.
[[0;32m  OK  [0m] Started Uncomplicated firewall.
[[0;32m  OK  [0m] Started Nameserver information manager.
[[0;32m  OK  [0m] Started LVM2 metadata daemon.
         Starting Load/Save Random Seed...
         Starting udev Coldplug all Devices...
         Mounting FUSE Control File System...
         Starting Apply Kernel Variables...
         Starting Create Static Device Nodes in /dev...
         Starting Flush Journal to Persistent Storage...
[[0;32m  OK  [0m] Mounted FUSE Control File System.
[[0;32m  OK  [0m] Started Monitoring of LVM2 mirrors,...ng dmeventd or progress polling.
[[0;32m  OK  [0m] Started Load/Save Random Seed.
[[0;32m  OK  [0m] Started Apply Kernel Variables.
[[0;32m  OK  [0m] Started Create Static Device Nodes in /dev.
[[0;32m  OK  [0m] Started udev Coldplug all Devices.
[[0;32m  OK  [0m] Started Flush Journal to Persistent Storage.
         Starting udev Kernel Device Manager...
[[0;32m  OK  [0m] Reached target Local File Systems (Pre).
[[0;32m  OK  [0m] Reached target Local File Systems.
         Starting LSB: AppArmor initialization...
         Starting Set console font and keymap...
         Starting Create Volatile Files and Directories...
         Starting Initial cloud-init job (pre-networking)...
         Starting Tell Plymouth To Write Out Runtime Data...
[[0;32m  OK  [0m] Started udev Kernel Device Manager.
[[0;32m  OK  [0m] Started Create Volatile Files and Directories.
[[0;32m  OK  [0m] Started Tell Plymouth To Write Out Runtime Data.
         Starting Update UTMP about System Boot/Shutdown...
[[0;32m  OK  [0m] Started Dispatch Password Requests to Console Directory Watch.
[[0;32m  OK  [0m] Started Update UTMP about System Boot/Shutdown.
[[0;32m  OK  [0m] Started LSB: AppArmor initialization.
[[0;32m  OK  [0m] Found device /dev/ttyS0.
[[0;32m  OK  [0m] Listening on Load/Save RF Kill Switch Status /dev/rfkill Watch.
[[0;32m  OK  [0m] Started Set console font and keymap.
[[0;32m  OK  [0m] Created slice system-getty.slice.
[   21.233112] cloud-init[478]: Cloud-init v. 19.1-1-gbaa47854-0ubuntu1~16.04.1 running 'init-local' at Fri, 18 Oct 2019 22:58:19 +0000. Up 20.97 seconds.
[[0;32m  OK  [0m] Started Initial cloud-init job (pre-networking).
[[0;32m  OK  [0m] Reached target Network (Pre).
[[0;32m  OK  [0m] Started ifup for enp0s3.
[[0;32m  OK  [0m] Started ifup for enp0s8.
         Starting Raise network interfaces...
[[0;32m  OK  [0m] Started Raise network interfaces.
[[0;32m  OK  [0m] Reached target Network.
         Starting Initial cloud-init job (metadata service crawler)...
[   22.159318] cloud-init[1073]: Cloud-init v. 19.1-1-gbaa47854-0ubuntu1~16.04.1 running 'init' at Fri, 18 Oct 2019 22:58:20 +0000. Up 21.76 seconds.
[   22.191226] cloud-init[1073]: ci-info: ++++++++++++++++++++++++++++++++++++++Net device info+++++++++++++++++++++++++++++++++++++++
[   22.236489] cloud-init[1073]: ci-info: +--------+------+-----------------------------+---------------+--------+-------------------+
[[0;32m  OK  [0m] Started Initial cloud-init job (metadata service crawler).
[[0;32m  OK  [0m] Reached target Network is Online.
[   22.445376] cloud-init[1073]: ci-info: | Device |  Up  |           Address           |      Mask     | Scope  |     Hw-Address    |
[   22.536819]          cloud-initStarting iSCSI initiator daemon (iscsid)...[1073]: 
ci-info: +--------+------+-----------------------------+---------------+--------+-------------------+
[   22.653382] [cloud-init[0;32m  OK  [0m[1073]: ] ci-info: | enp0s3 | True |          10.0.2.15          | 255.255.255.0 | global | 02:46:62:72:a1:53 |Reached target Cloud-config availability.

[   22.655366] cloud-init[1073]: ci-info: | enp0s3 | True |  fe80::46:62ff:fe72:a153/64 |       .       |  link  | 02:46:62:72:a1:53 |
[[0;32m  OK  [0m] Reached target System Initialization.
[   22.757152] cloud-init[1073]: ci-info: | enp0s8 | True |        192.168.39.99        | 255.255.255.0 | global | 08:00:27:a7:19:90 |
[   22.909443] [cloud-init[0;32m  OK  [0m[1073]: ] ci-info: | enp0s8 | True | fe80::a00:27ff:fea7:1990/64 |       .       |  link  | 08:00:27:a7:19:90 |Started Clean PHP session files every 30 mins.

[   22.911397] [cloud-init[0;32m  OK  [0m[1073]: ] ci-info: |   lo   | True |          127.0.0.1          |   255.0.0.0   |  host  |         .         |Listening on UUID daemon activation socket.

[   23.057010]          cloud-initStarting LXD - unix socket.[1073]: 
ci-info: |   lo   | True |           ::1/128           |       .       |  host  |         .         |
[   23.109474] [cloud-init[0;32m  OK  [0m[1073]: ] ci-info: +--------+------+-----------------------------+---------------+--------+-------------------+Started ACPI Events Check.

[   23.111318] [cloud-init[0;32m  OK  [0m[1073]: ] ci-info: ++++++++++++++++++++++++++++Route IPv4 info++++++++++++++++++++++++++++Reached target Paths.

[   23.260819] [cloud-init[0;32m  OK  [0m[1073]: ] ci-info: +-------+--------------+----------+---------------+-----------+-------+Started Daily Cleanup of Temporary Directories.

[   23.263244]          cloud-initStarting Socket activation for snappy daemon.[1073]: 
ci-info: | Route | Destination  | Gateway  |    Genmask    | Interface | Flags |
[   23.398778] cloud-init[1073]: ci-info: +-------+--------------+----------+---------------+-----------+-------+
[[0;32m  OK  [0m] Listening on D-Bus System Message Bus Socket.
[[0;32m  OK  [0m] Started Daily apt download activities.
[[0;32m  OK  [0m] Started Daily apt upgrade and clean activities.
[   23.400736] cloud-init[1073]: ci-info: |   0   |   0.0.0.0    | 10.0.2.2 |    0.0.0.0    |   enp0s3  |   UG  |
[[0;32m  OK  [0m] Reached target Timers.
[   23.470911] [cloud-init[0;32m  OK  [0m[1073]: ] ci-info: |   1   |   10.0.2.0   | 0.0.0.0  | 255.255.255.0 |   enp0s3  |   U   |Listening on ACPID Listen Socket.

[   23.575717] cloud-init[1073]: ci-info: |   2   | 192.168.39.0 | 0.0.0.0  | 255.255.255.0 |   enp0s8  |   U   |
[   23.657533] [cloud-init[0;32m  OK  [0m[1073]: ] ci-info: +-------+--------------+----------+---------------+-----------+-------+Listening on LXD - unix socket.

[[0;32m  OK  [0m] Listening on Socket activation for snappy daemon.
[[0;32m  OK  [0m] Started iSCSI initiator daemon (iscsid).
[   23.659463] cloud-init[1073]: ci-info: +++++++++++++++++++Route IPv6 info+++++++++++++++++++
[   23.798275] cloud-init[1073]: ci-info: +-------+-------------+---------+-----------+-------+
         Starting Login to default iSCSI targets...
[   23.801065] [cloud-init[0;32m  OK  [0m[1073]: ] ci-info: | Route | Destination | Gateway | Interface | Flags |Reached target Sockets.

[   23.920815] [[0;32m  OK  [0m] Reached target Basic System.
cloud-init[1073]: ci-info: +-------+-------------+---------+-----------+-------+
[   23.972501]          cloud-initStarting MySQL Community Server...[1073]: 
ci-info: |   0   |  fe80::/64  |    ::   |   enp0s8  |   U   |
[   24.014557]          cloud-initStarting /etc/rc.local Compatibility...[1073]: 
ci-info: |   1   |  fe80::/64  |    ::   |   enp0s3  |   U   |
[   24.061055] [cloud-init[0;32m  OK  [0m[1073]: ] ci-info: |   4   |   ff00::/8  |    ::   |   enp0s8  |   U   |Started ACPI event daemon.

[   24.062921] cloud-init[1073]: ci-info: |   5   |   ff00::/8  |    ::   |   enp0s3  |   U   |
[   24.148423]          cloud-initStarting A high performance web server and a reverse proxy server...[1073]: 
ci-info: +-------+-------------+---------+-----------+-------+
[[0;32m  OK  [0m] Started FUSE filesystem for LXC.
         Starting Login Service...
         Starting System Logging Service...
[[0;32m  OK  [0m] Started Deferred execution scheduler.
         Starting The PHP 7.3 FastCGI Process Manager...
[[0;32m  OK  [0m] Started Regular background program processing daemon.
         Starting OpenBSD Secure Shell server...
         Starting Snappy daemon...
         Starting LSB: MD monitoring daemon...
         Starting Virtualbox guest utils...
         Starting LSB: Record successful boot for GRUB...
         Starting Accounts Service...
[[0;32m  OK  [0m] Started D-Bus System Message Bus.
         Starting LXD - container startup/shutdown...
[[0;32m  OK  [0m] Started System Logging Service.
[[0;32m  OK  [0m] Started /etc/rc.local Compatibility.
[[0;32m  OK  [0m] Started OpenBSD Secure Shell server.
[[0;32m  OK  [0m] Started The PHP 7.3 FastCGI Process Manager.
[[0;32m  OK  [0m] Started A high performance web server and a reverse proxy server.
[[0;32m  OK  [0m] Started Login to default iSCSI targets.
[[0;32m  OK  [0m] Started LXD - container startup/shutdown.
[[0;32m  OK  [0m] Started Snappy daemon.
[[0;32m  OK  [0m] Started LSB: MD monitoring daemon.
[[0;32m  OK  [0m] Started LSB: Record successful boot for GRUB.
[[0;32m  OK  [0m] Started Login Service.
[[0;32m  OK  [0m] Started Unattended Upgrades Shutdown.
         Starting Authenticate and Authorize Users to Run Privileged Tasks...
         Starting Wait until snapd is fully seeded...
[[0;32m  OK  [0m] Reached target Remote File Systems (Pre).
[[0;32m  OK  [0m] Reached target Remote File Systems.
         Starting LSB: automatic crash report generation...
         Starting LSB: daemon to balance interrupts for SMP systems...
         Starting LSB: Set the CPU Frequency Scaling governor to "ondemand"...
         Starting Permit User Sessions...
[[0;32m  OK  [0m] Started Virtualbox guest utils.
[[0;32m  OK  [0m] Started Wait until snapd is fully seeded.
[[0;32m  OK  [0m] Started Permit User Sessions.
[[0;32m  OK  [0m] Started Authenticate and Authorize Users to Run Privileged Tasks.
[[0;32m  OK  [0m] Started Accounts Service.
         Starting Hold until boot process finishes up...
         Starting Terminate Plymouth Boot Screen...
         Starting Apply the settings specified in cloud-config...
[[0;32m  OK  [0m] Started LSB: automatic crash report generation.
[[0;32m  OK  [0m] Started LSB: daemon to balance interrupts for SMP systems.
[[0;32m  OK  [0m] Started MySQL Community Server.
[[0;32m  OK  [0m] Started LSB: Set the CPU Frequency Scaling governor to "ondemand".
[[0;32m  OK  [0m] Started Hold until boot process finishes up.
[[0;32m  OK  [0m] Started Terminate Plymouth Boot Screen.
[[0;32m  OK  [0m] Created slice User Slice of vagrant.
         Starting User Manager for UID 1000...
[[0;32m  OK  [0m] Started Session 1 of user vagrant.
[[0;32m  OK  [0m] Started Serial Getty on ttyS0.
         Starting Set console scheme...
[[0;32m  OK  [0m] Started Getty on tty1.
[[0;32m  OK  [0m] Reached target Login Prompts.
[[0;32m  OK  [0m] Reached target Multi-User System.
[[0;32m  OK  [0m] Reached target Graphical Interface.
         Starting Update UTMP about System Runlevel Changes...
[[0;32m  OK  [0m] Started User Manager for UID 1000.
[   26.515814] cloud-init[1388]: Cloud-init v. 19.1-1-gbaa47854-0ubuntu1~16.04.1 running 'modules:config' at Fri, 18 Oct 2019 22:58:25 +0000. Up 26.43 seconds.
[[0;32m  OK  [0m] Started Set console scheme.
[[0;32m  OK  [0m] Started Apply the settings specified in cloud-config.
[[0;32m  OK  [0m] Started Update UTMP about System Runlevel Changes.
         Starting Execute cloud user/final scripts...
[   26.926300] cloud-init[1423]: Cloud-init v. 19.1-1-gbaa47854-0ubuntu1~16.04.1 running 'modules:final' at Fri, 18 Oct 2019 22:58:25 +0000. Up 26.84 seconds.
[   26.979744] [cloud-init[0;32m  OK  [0m[1423]: ] Cloud-init v. 19.1-1-gbaa47854-0ubuntu1~16.04.1 finished at Fri, 18 Oct 2019 22:58:25 +0000. Datasource DataSourceNoCloud [seed=/dev/sdb][dsmode=net].  Up 26.92 secondsStarted Execute cloud user/final scripts.

[[0;32m  OK  [0m] Reached target Cloud-init target.

Ubuntu 16.04.6 LTS basic-heroku ttyS0

basic-heroku login: 